---
source: json_parser/src/parser.rs
expression: parser.parse(&bump)
input_file: test_data/fail/fail59.json
---
Err(
    ExpectedTokenError {
        expected: [
            String,
            Number,
            True,
            False,
            Null,
            LBrace,
            LBracket,
        ],
        actual: Illegal,
        origin: "\\uf**k\"",
        row: 1,
        column: 12,
    },
)
