---
source: json_parser/src/parser.rs
expression: parser.parse(&bump)
input_file: test_data/fail/fail07.json
---
Err(
    ExpectedTokenError {
        expected: [
            Eof,
        ],
        actual: Comma,
        origin: ",",
        row: 1,
        column: 26,
    },
)
