---
source: json_parser/src/token.rs
expression: "&lexer.collect::<Vec<_>>()"
---
[
    Token {
        kind: LBrace,
        origin: "{",
    },
    Token {
        kind: String,
        origin: "key",
    },
    Token {
        kind: Colon,
        origin: ":",
    },
    Token {
        kind: Illegal,
        origin: "\\uabc\\u1234\"",
    },
    Token {
        kind: RBrace,
        origin: "}",
    },
    Token {
        kind: Eof,
        origin: "",
    },
]
