---
source: json_parser/src/parser.rs
expression: parser.parse(&bump)
input_file: test_data/fail/fail25.json
---
Err(
    ExpectedTokenError {
        expected: [
            String,
            Number,
            Null,
            LBrace,
            LBracket,
            True,
            False,
        ],
        actual: Illegal(
            Some(
                String(
                    UnescapedTab,
                ),
            ),
        ),
        origin: "\ttab\tcharacter\tin\tstring\t",
        invalid_row: 1,
        invalid_col: 2,
    },
)
