---
source: json_parser/src/parser.rs
expression: parser.parse(&bump)
---
Err(
    ExpectedTokenError {
        expected: [
            Comma,
            RBrace,
        ],
        actual: Illegal(
            None,
        ),
        origin: "Ã¨",
        invalid_row: 3,
        invalid_col: 17,
    },
)
