---
source: json_parser/src/parser.rs
expression: parser.parse(&bump)
input_file: test_data/fail/fail65.json
---
Err(
    ExpectedTokenError {
        expected: [
            String,
            Number,
            Null,
            LBrace,
            LBracket,
            True,
            False,
        ],
        actual: Illegal(
            None,
        ),
        origin: "falsy",
        invalid_row: 1,
        invalid_col: 1,
    },
)
