---
source: json_parser/src/parser.rs
expression: parser.parse(&bump)
input_file: test_data/fail/fail22.json
---
Err(
    ExpectedTokenError {
        expected: [
            Comma,
            RBracket,
        ],
        actual: Colon,
        origin: ":",
        row: 1,
        column: 26,
    },
)
