---
source: json_parser/src/parser.rs
expression: parser.parse(&bump)
input_file: test_data/fail/fail03.json
---
Err(
    ExpectedTokenError {
        expected: [
            String,
        ],
        actual: Illegal,
        origin: "u",
        row: 1,
        column: 2,
    },
)
