---
source: json_parser/src/parser.rs
expression: parser.parse(&bump)
input_file: test_data/crash/crash000030.json
snapshot_kind: text
---
Ok(
    Object(
        [
            JsonProperty {
                key: "Neh",
                value: Number(
                    -3.333333333333333e29,
                ),
            },
        ],
    ),
)
