---
source: json_parser/src/parser.rs
expression: parser.parse(&bump)
input_file: test_data/pass/pass02.json
snapshot_kind: text
---
Ok(
    Array(
        [
            Array(
                [
                    Array(
                        [
                            Array(
                                [
                                    Array(
                                        [
                                            Array(
                                                [
                                                    Array(
                                                        [
                                                            Array(
                                                                [
                                                                    Array(
                                                                        [
                                                                            Array(
                                                                                [
                                                                                    Array(
                                                                                        [
                                                                                            Array(
                                                                                                [
                                                                                                    Array(
                                                                                                        [
                                                                                                            Array(
                                                                                                                [
                                                                                                                    Array(
                                                                                                                        [
                                                                                                                            Array(
                                                                                                                                [
                                                                                                                                    Array(
                                                                                                                                        [
                                                                                                                                            Array(
                                                                                                                                                [
                                                                                                                                                    Array(
                                                                                                                                                        [
                                                                                                                                                            String(
                                                                                                                                                                "Not too deep",
                                                                                                                                                            ),
                                                                                                                                                        ],
                                                                                                                                                    ),
                                                                                                                                                ],
                                                                                                                                            ),
                                                                                                                                        ],
                                                                                                                                    ),
                                                                                                                                ],
                                                                                                                            ),
                                                                                                                        ],
                                                                                                                    ),
                                                                                                                ],
                                                                                                            ),
                                                                                                        ],
                                                                                                    ),
                                                                                                ],
                                                                                            ),
                                                                                        ],
                                                                                    ),
                                                                                ],
                                                                            ),
                                                                        ],
                                                                    ),
                                                                ],
                                                            ),
                                                        ],
                                                    ),
                                                ],
                                            ),
                                        ],
                                    ),
                                ],
                            ),
                        ],
                    ),
                ],
            ),
        ],
    ),
)
