---
source: json_parser/src/parser.rs
expression: parser.parse(&bump)
input_file: test_data/fail/fail30.json
---
Err(
    ExpectedTokenError {
        expected: [
            Number,
        ],
        actual: Illegal,
        origin: "0e+",
        row: 1,
        column: 5,
    },
)
