---
source: json_parser/src/parser.rs
expression: parser.parse(&bump)
input_file: test_data/fail/fail23.json
---
Err(
    ExpectedTokenError {
        expected: [
            String,
            Number,
            True,
            False,
            Null,
            LBrace,
            LBracket,
        ],
        actual: Illegal,
        origin: "truth",
        row: 1,
        column: 20,
    },
)
