---
source: json_parser/src/parser.rs
expression: parser.parse(&bump)
input_file: test_data/fail/fail11.json
---
Err(
    ExpectedTokenError {
        expected: [
            Comma,
            RBrace,
        ],
        actual: Illegal,
        origin: "+",
        row: 1,
        column: 26,
    },
)
