---
source: json_parser/src/parser.rs
expression: parser.parse(&bump)
input_file: test_data/pass/pass16.json
---
Ok(
    Number(
        0.0,
    ),
)
