---
source: json_parser/src/parser.rs
expression: parser.parse(&bump)
input_file: test_data/fail/fail05.json
---
Err(
    ExpectedTokenError {
        expected: [
            String,
            Number,
            True,
            False,
            Null,
            LBrace,
            LBracket,
        ],
        actual: Comma,
        origin: ",",
        invalid_row: 1,
        invalid_col: 23,
    },
)
