---
source: json_parser/src/parser.rs
expression: parser.parse(&bump)
input_file: test_data/fail/fail19.json
---
Err(
    ExpectedTokenError {
        expected: [
            Colon,
        ],
        actual: Null,
        origin: "null",
        row: 1,
        column: 22,
    },
)
