---
source: parser/src/parser.rs
expression: parser.parse(&bump)
input_file: test_data/pass/pass07.json
---
Ok(
    Null,
)
