---
source: parser/src/parser.rs
expression: parser.parse(&bump)
input_file: test_data/crash/crash000003.json
---
Ok(
    Array(
        [
            Number(
                -601234567895.6138,
            ),
        ],
    ),
)
