---
source: parser/src/parser.rs
expression: parser.parse(&bump)
input_file: test_data/fail/fail69.json
---
Ok(
    Number(
        3.3333333333333333e24,
    ),
)
