---
source: parser/src/parser.rs
expression: parser.parse(&bump)
input_file: test_data/fail/fail56.json
---
Err(
    ExpectedTokenError {
        expected: [
            String,
            Number,
            Null,
            LBrace,
            LBracket,
            True,
            False,
        ],
        actual: RBracket,
        invalid_row: 1,
        invalid_col: 5,
    },
)
