---
source: parser/src/parser.rs
expression: parser.parse(&bump)
input_file: test_data/fail/fail61.json
---
Err(
    ExpectedTokenError {
        expected: [
            String,
            Number,
            Null,
            LBrace,
            LBracket,
            True,
            False,
        ],
        actual: Illegal(
            Some(
                String(
                    InvalidUnicode(
                        15,
                    ),
                ),
            ),
        ),
        invalid_row: 1,
        invalid_col: 14,
    },
)
