---
source: parser/src/parser.rs
expression: parser.parse(&bump)
input_file: test_data/fail/fail15.json
---
Err(
    ExpectedTokenError {
        expected: [
            String,
            Number,
            Null,
            LBrace,
            LBracket,
            True,
            False,
        ],
        actual: Illegal(
            Some(
                String(
                    InvalidEscape(
                        29,
                    ),
                ),
            ),
        ),
        invalid_row: 1,
        invalid_col: 2,
    },
)
